适用于 .NET Framework MSBuild 版本 18.8.2+ce25c0108

  chartwin.c
  datalog.c
  datasrv.c
  elf.c
  main.c
D:\OpenScope\code\src\elf.c(714,14): error C2065: “DW_FORM_rnglistx”: 未声明的标识符 [D:\OpenScope\code\OpenScope.vcxproj]
D:\OpenScope\code\src\elf.c(714,14): error C2051: case 表达式不是常量 [D:\OpenScope\code\OpenScope.vcxproj]
D:\OpenScope\code\src\elf.c(794,12): error C2039: "unit_type": 不是 "DW_Unit" 的成员 [D:\OpenScope\code\OpenScope.vcxproj]
      D:\OpenScope\code\src\elf.c(427,16):
      参见“DW_Unit”的声明
  
D:\OpenScope\code\src\module_api.h(69,10): error C2236: 意外的标记“struct”。是否忘记了“;”? [D:\OpenScope\code\OpenScope.vcxproj]
  (编译源文件“src/chartwin.c”)
  
D:\OpenScope\code\src\module_api.h(69,19): error C2332: “struct”: 缺少标记名 [D:\OpenScope\code\OpenScope.vcxproj]
  (编译源文件“src/chartwin.c”)
  
D:\OpenScope\code\src\module_api.h(69,19): error C2027: 使用了未定义类型“<unnamed-tag>” [D:\OpenScope\code\OpenScope.vcxproj]
  (编译源文件“src/chartwin.c”)
      D:\OpenScope\code\src\module_api.h(69,19):
      参见“<unnamed-tag>”的声明
  
D:\OpenScope\code\src\module_api.h(69,10): error C2236: 意外的标记“struct”。是否忘记了“;”? [D:\OpenScope\code\OpenScope.vcxproj]
  (编译源文件“src/datalog.c”)
  
D:\OpenScope\code\src\module_api.h(69,19): error C2332: “struct”: 缺少标记名 [D:\OpenScope\code\OpenScope.vcxproj]
  (编译源文件“src/datalog.c”)
  
D:\OpenScope\code\src\module_api.h(69,19): error C2027: 使用了未定义类型“<unnamed-tag>” [D:\OpenScope\code\OpenScope.vcxproj]
  (编译源文件“src/datalog.c”)
      D:\OpenScope\code\src\module_api.h(69,19):
      参见“<unnamed-tag>”的声明
  
D:\OpenScope\code\src\datalog.c(199,16): warning C4013: “os_ds_push_batch”未定义；假设外部返回 int [D:\OpenScope\code\OpenScope.vcxproj]
  mainwin.c
  module_mgr.c
D:\OpenScope\code\src\module_api.h(69,10): error C2236: 意外的标记“struct”。是否忘记了“;”? [D:\OpenScope\code\OpenScope.vcxproj]
  (编译源文件“src/datasrv.c”)
  
D:\OpenScope\code\src\module_api.h(69,19): error C2332: “struct”: 缺少标记名 [D:\OpenScope\code\OpenScope.vcxproj]
  (编译源文件“src/datasrv.c”)
  
D:\OpenScope\code\src\module_api.h(69,19): error C2027: 使用了未定义类型“<unnamed-tag>” [D:\OpenScope\code\OpenScope.vcxproj]
  (编译源文件“src/datasrv.c”)
      D:\OpenScope\code\src\module_api.h(69,19):
      参见“<unnamed-tag>”的声明
  
D:\OpenScope\code\src\datasrv.c(164,7): warning C4090: “=”: 不同的“const”限定符 [D:\OpenScope\code\OpenScope.vcxproj]
  numwin.c
D:\OpenScope\code\src\module_api.h(69,10): error C2236: 意外的标记“struct”。是否忘记了“;”? [D:\OpenScope\code\OpenScope.vcxproj]
  (编译源文件“src/main.c”)
  
D:\OpenScope\code\src\module_api.h(69,19): error C2332: “struct”: 缺少标记名 [D:\OpenScope\code\OpenScope.vcxproj]
  (编译源文件“src/main.c”)
  
D:\OpenScope\code\src\module_api.h(69,19): error C2027: 使用了未定义类型“<unnamed-tag>” [D:\OpenScope\code\OpenScope.vcxproj]
  (编译源文件“src/main.c”)
      D:\OpenScope\code\src\module_api.h(69,19):
      参见“<unnamed-tag>”的声明
  
D:\OpenScope\code\src\main.c(48,5): warning C4013: “os_mainwin_register”未定义；假设外部返回 int [D:\OpenScope\code\OpenScope.vcxproj]
D:\OpenScope\code\src\main.c(56,5): warning C4013: “os_mainwin_rebuild_window_menu”未定义；假设外部返回 int [D:\OpenScope\code\OpenScope.vcxproj]
  ui.c
D:\OpenScope\code\src\module_api.h(69,10): error C2236: 意外的标记“struct”。是否忘记了“;”? [D:\OpenScope\code\OpenScope.vcxproj]
  (编译源文件“src/module_mgr.c”)
  
D:\OpenScope\code\src\module_api.h(69,19): error C2332: “struct”: 缺少标记名 [D:\OpenScope\code\OpenScope.vcxproj]
  (编译源文件“src/module_mgr.c”)
  
D:\OpenScope\code\src\module_api.h(69,19): error C2027: 使用了未定义类型“<unnamed-tag>” [D:\OpenScope\code\OpenScope.vcxproj]
  (编译源文件“src/module_mgr.c”)
      D:\OpenScope\code\src\module_api.h(69,19):
      参见“<unnamed-tag>”的声明
  
  util.c
D:\OpenScope\code\src\module_api.h(69,10): error C2236: 意外的标记“struct”。是否忘记了“;”? [D:\OpenScope\code\OpenScope.vcxproj]
  (编译源文件“src/mainwin.c”)
  
D:\OpenScope\code\src\module_api.h(69,19): error C2332: “struct”: 缺少标记名 [D:\OpenScope\code\OpenScope.vcxproj]
  (编译源文件“src/mainwin.c”)
  
D:\OpenScope\code\src\module_api.h(69,19): error C2027: 使用了未定义类型“<unnamed-tag>” [D:\OpenScope\code\OpenScope.vcxproj]
  (编译源文件“src/mainwin.c”)
      D:\OpenScope\code\src\module_api.h(69,19):
      参见“<unnamed-tag>”的声明
  
D:\OpenScope\code\src\module_api.h(69,10): error C2236: 意外的标记“struct”。是否忘记了“;”? [D:\OpenScope\code\OpenScope.vcxproj]
  (编译源文件“src/numwin.c”)
  
D:\OpenScope\code\src\module_api.h(69,19): error C2332: “struct”: 缺少标记名 [D:\OpenScope\code\OpenScope.vcxproj]
  (编译源文件“src/numwin.c”)
  
D:\OpenScope\code\src\module_api.h(69,19): error C2027: 使用了未定义类型“<unnamed-tag>” [D:\OpenScope\code\OpenScope.vcxproj]
  (编译源文件“src/numwin.c”)
      D:\OpenScope\code\src\module_api.h(69,19):
      参见“<unnamed-tag>”的声明
  
D:\OpenScope\code\src\numwin.c(52,5): warning C4013: “ListView_SetItemText”未定义；假设外部返回 int [D:\OpenScope\code\OpenScope.vcxproj]
D:\OpenScope\code\src\numwin.c(60,5): error C2065: “LVITEMW”: 未声明的标识符 [D:\OpenScope\code\OpenScope.vcxproj]
D:\OpenScope\code\src\numwin.c(60,13): error C2146: 语法错误: 缺少“;”(在标识符“item”的前面) [D:\OpenScope\code\OpenScope.vcxproj]
D:\OpenScope\code\src\numwin.c(60,13): error C2065: “item”: 未声明的标识符 [D:\OpenScope\code\OpenScope.vcxproj]
D:\OpenScope\code\src\numwin.c(68,13): error C2065: “item”: 未声明的标识符 [D:\OpenScope\code\OpenScope.vcxproj]
D:\OpenScope\code\src\numwin.c(68,29): error C2065: “item”: 未声明的标识符 [D:\OpenScope\code\OpenScope.vcxproj]
D:\OpenScope\code\src\numwin.c(69,5): error C2065: “item”: 未声明的标识符 [D:\OpenScope\code\OpenScope.vcxproj]
D:\OpenScope\code\src\numwin.c(69,10): error C2224: “.mask”的左侧必须具有结构/联合类型 [D:\OpenScope\code\OpenScope.vcxproj]
D:\OpenScope\code\src\numwin.c(69,17): error C2065: “LVIF_TEXT”: 未声明的标识符 [D:\OpenScope\code\OpenScope.vcxproj]
D:\OpenScope\code\src\numwin.c(70,5): error C2065: “item”: 未声明的标识符 [D:\OpenScope\code\OpenScope.vcxproj]
D:\OpenScope\code\src\numwin.c(70,10): error C2224: “.pszText”的左侧必须具有结构/联合类型 [D:\OpenScope\code\OpenScope.vcxproj]
D:\OpenScope\code\src\numwin.c(71,5): error C2065: “item”: 未声明的标识符 [D:\OpenScope\code\OpenScope.vcxproj]
D:\OpenScope\code\src\numwin.c(71,10): error C2224: “.iItem”的左侧必须具有结构/联合类型 [D:\OpenScope\code\OpenScope.vcxproj]
D:\OpenScope\code\src\numwin.c(72,5): error C2065: “item”: 未声明的标识符 [D:\OpenScope\code\OpenScope.vcxproj]
D:\OpenScope\code\src\numwin.c(72,10): error C2224: “.iSubItem”的左侧必须具有结构/联合类型 [D:\OpenScope\code\OpenScope.vcxproj]
D:\OpenScope\code\src\numwin.c(73,5): warning C4013: “ListView_InsertItem”未定义；假设外部返回 int [D:\OpenScope\code\OpenScope.vcxproj]
D:\OpenScope\code\src\numwin.c(73,36): error C2065: “item”: 未声明的标识符 [D:\OpenScope\code\OpenScope.vcxproj]
D:\OpenScope\code\src\numwin.c(87,9): error C2065: “LVCOLUMNW”: 未声明的标识符 [D:\OpenScope\code\OpenScope.vcxproj]
D:\OpenScope\code\src\numwin.c(87,19): error C2146: 语法错误: 缺少“;”(在标识符“col”的前面) [D:\OpenScope\code\OpenScope.vcxproj]
D:\OpenScope\code\src\numwin.c(87,19): error C2065: “col”: 未声明的标识符 [D:\OpenScope\code\OpenScope.vcxproj]
D:\OpenScope\code\src\numwin.c(94,19): error C2065: “WC_LISTVIEWW”: 未声明的标识符 [D:\OpenScope\code\OpenScope.vcxproj]
D:\OpenScope\code\src\numwin.c(94,19): warning C4047: “函数”:“LPCWSTR”与“int”的间接级别不同 [D:\OpenScope\code\OpenScope.vcxproj]
D:\OpenScope\code\src\numwin.c(94,19): warning C4024: “CreateWindowExW”: 形参和实参 2 的类型不同 [D:\OpenScope\code\OpenScope.vcxproj]
D:\OpenScope\code\src\numwin.c(94,19): error C2065: “LVS_REPORT”: 未声明的标识符 [D:\OpenScope\code\OpenScope.vcxproj]
D:\OpenScope\code\src\numwin.c(94,19): error C2065: “LVS_SINGLESEL”: 未声明的标识符 [D:\OpenScope\code\OpenScope.vcxproj]
D:\OpenScope\code\src\numwin.c(94,19): error C2065: “LVS_SHOWSELALWAYS”: 未声明的标识符 [D:\OpenScope\code\OpenScope.vcxproj]
D:\OpenScope\code\src\numwin.c(97,9): warning C4013: “ListView_SetExtendedListViewStyle”未定义；假设外部返回 int [D:\OpenScope\code\OpenScope.vcxproj]
D:\OpenScope\code\src\numwin.c(97,52): error C2065: “LVS_EX_FULLROWSELECT”: 未声明的标识符 [D:\OpenScope\code\OpenScope.vcxproj]
D:\OpenScope\code\src\numwin.c(97,75): error C2065: “LVS_EX_GRIDLINES”: 未声明的标识符 [D:\OpenScope\code\OpenScope.vcxproj]
D:\OpenScope\code\src\numwin.c(98,17): error C2065: “col”: 未声明的标识符 [D:\OpenScope\code\OpenScope.vcxproj]
D:\OpenScope\code\src\numwin.c(98,32): error C2065: “col”: 未声明的标识符 [D:\OpenScope\code\OpenScope.vcxproj]
D:\OpenScope\code\src\numwin.c(99,9): error C2065: “col”: 未声明的标识符 [D:\OpenScope\code\OpenScope.vcxproj]
D:\OpenScope\code\src\numwin.c(99,13): error C2224: “.mask”的左侧必须具有结构/联合类型 [D:\OpenScope\code\OpenScope.vcxproj]
D:\OpenScope\code\src\numwin.c(99,20): error C2065: “LVCF_TEXT”: 未声明的标识符 [D:\OpenScope\code\OpenScope.vcxproj]
D:\OpenScope\code\src\numwin.c(99,32): error C2065: “LVCF_WIDTH”: 未声明的标识符 [D:\OpenScope\code\OpenScope.vcxproj]
D:\OpenScope\code\src\numwin.c(99,45): error C2065: “LVCF_FMT”: 未声明的标识符 [D:\OpenScope\code\OpenScope.vcxproj]
D:\OpenScope\code\src\numwin.c(100,9): error C2065: “col”: 未声明的标识符 [D:\OpenScope\code\OpenScope.vcxproj]
D:\OpenScope\code\src\numwin.c(100,13): error C2224: “.cx”的左侧必须具有结构/联合类型 [D:\OpenScope\code\OpenScope.vcxproj]
D:\OpenScope\code\src\numwin.c(101,9): error C2065: “col”: 未声明的标识符 [D:\OpenScope\code\OpenScope.vcxproj]
D:\OpenScope\code\src\numwin.c(101,13): error C2224: “.fmt”的左侧必须具有结构/联合类型 [D:\OpenScope\code\OpenScope.vcxproj]
D:\OpenScope\code\src\numwin.c(101,19): error C2065: “LVCFMT_LEFT”: 未声明的标识符 [D:\OpenScope\code\OpenScope.vcxproj]
D:\OpenScope\code\src\numwin.c(102,9): error C2065: “col”: 未声明的标识符 [D:\OpenScope\code\OpenScope.vcxproj]
D:\OpenScope\code\src\numwin.c(102,13): error C2224: “.pszText”的左侧必须具有结构/联合类型 [D:\OpenScope\code\OpenScope.vcxproj]
D:\OpenScope\code\src\numwin.c(103,9): warning C4013: “ListView_InsertColumn”未定义；假设外部返回 int [D:\OpenScope\code\OpenScope.vcxproj]
D:\OpenScope\code\src\numwin.c(103,44): error C2065: “col”: 未声明的标识符 [D:\OpenScope\code\OpenScope.vcxproj]
D:\OpenScope\code\src\numwin.c(104,9): error C2065: “col”: 未声明的标识符 [D:\OpenScope\code\OpenScope.vcxproj]
D:\OpenScope\code\src\numwin.c(104,13): error C2224: “.cx”的左侧必须具有结构/联合类型 [D:\OpenScope\code\OpenScope.vcxproj]
D:\OpenScope\code\src\numwin.c(105,9): error C2065: “col”: 未声明的标识符 [D:\OpenScope\code\OpenScope.vcxproj]
D:\OpenScope\code\src\numwin.c(105,13): error C2224: “.pszText”的左侧必须具有结构/联合类型 [D:\OpenScope\code\OpenScope.vcxproj]
D:\OpenScope\code\src\numwin.c(106,44): error C2065: “col”: 未声明的标识符 [D:\OpenScope\code\OpenScope.vcxproj]
D:\OpenScope\code\src\numwin.c(107,9): error C2065: “col”: 未声明的标识符 [D:\OpenScope\code\OpenScope.vcxproj]
D:\OpenScope\code\src\numwin.c(107,13): error C2224: “.cx”的左侧必须具有结构/联合类型 [D:\OpenScope\code\OpenScope.vcxproj]
D:\OpenScope\code\src\numwin.c(108,9): error C2065: “col”: 未声明的标识符 [D:\OpenScope\code\OpenScope.vcxproj]
D:\OpenScope\code\src\numwin.c(108,13): error C2224: “.pszText”的左侧必须具有结构/联合类型 [D:\OpenScope\code\OpenScope.vcxproj]
D:\OpenScope\code\src\numwin.c(109,44): error C2065: “col”: 未声明的标识符 [D:\OpenScope\code\OpenScope.vcxproj]
D:\OpenScope\code\src\numwin.c(156,28): error C2065: “NM_DBLCLK”: 未声明的标识符 [D:\OpenScope\code\OpenScope.vcxproj]
D:\OpenScope\code\src\numwin.c(157,27): warning C4013: “ListView_GetNextItem”未定义；假设外部返回 int [D:\OpenScope\code\OpenScope.vcxproj]
D:\OpenScope\code\src\numwin.c(157,62): error C2065: “LVNI_SELECTED”: 未声明的标识符 [D:\OpenScope\code\OpenScope.vcxproj]
D:\OpenScope\code\src\numwin.c(161,28): error C2065: “NM_RCLICK”: 未声明的标识符 [D:\OpenScope\code\OpenScope.vcxproj]
D:\OpenScope\code\src\numwin.c(164,62): error C2065: “LVNI_SELECTED”: 未声明的标识符 [D:\OpenScope\code\OpenScope.vcxproj]
D:\OpenScope\code\src\numwin.c(186,63): error C2065: “LVNI_SELECTED”: 未声明的标识符 [D:\OpenScope\code\OpenScope.vcxproj]
D:\OpenScope\code\src\numwin.c(189,17): warning C4013: “ListView_DeleteItem”未定义；假设外部返回 int [D:\OpenScope\code\OpenScope.vcxproj]
D:\OpenScope\code\src\numwin.c(196,63): error C2065: “LVNI_SELECTED”: 未声明的标识符 [D:\OpenScope\code\OpenScope.vcxproj]
D:\OpenScope\code\src\numwin.c(222,10): error C2082: 形参“h”的重定义 [D:\OpenScope\code\OpenScope.vcxproj]
D:\OpenScope\code\src\numwin.c(225,5): warning C4047: “return”:“HWND”与“int”的间接级别不同 [D:\OpenScope\code\OpenScope.vcxproj]
  vartree.c
D:\OpenScope\code\src\mainwin.c(1006,64): warning C4133: “函数”: 从“wchar_t [128]”到“const char *”的类型不兼容 [D:\OpenScope\code\OpenScope.vcxproj]
D:\OpenScope\code\src\module_api.h(69,10): error C2236: 意外的标记“struct”。是否忘记了“;”? [D:\OpenScope\code\OpenScope.vcxproj]
  (编译源文件“src/ui.c”)
  
D:\OpenScope\code\src\module_api.h(69,19): error C2332: “struct”: 缺少标记名 [D:\OpenScope\code\OpenScope.vcxproj]
  (编译源文件“src/ui.c”)
  
D:\OpenScope\code\src\module_api.h(69,19): error C2027: 使用了未定义类型“<unnamed-tag>” [D:\OpenScope\code\OpenScope.vcxproj]
  (编译源文件“src/ui.c”)
      D:\OpenScope\code\src\module_api.h(69,19):
      参见“<unnamed-tag>”的声明
  
D:\OpenScope\code\src\ui.c(102,36): error C2065: “WM_APP_LOG_MSG”: 未声明的标识符 [D:\OpenScope\code\OpenScope.vcxproj]
D:\OpenScope\code\src\ui.c(120,36): error C2065: “WM_APP_STATUS_MSG”: 未声明的标识符 [D:\OpenScope\code\OpenScope.vcxproj]
D:\OpenScope\code\src\ui.c(224,17): warning C4013: “fw_leaf_find_local”未定义；假设外部返回 int [D:\OpenScope\code\OpenScope.vcxproj]
D:\OpenScope\code\src\ui.c(228,61): error C2039: "path": 不是 "OS_Leaf" 的成员 [D:\OpenScope\code\OpenScope.vcxproj]
      D:\OpenScope\code\src\app.h(32,16):
      参见“OS_Leaf”的声明
  
D:\OpenScope\code\src\ui.c(228,43): warning C4477: “_snprintf”: 格式字符串“%s”需要类型“char *”的参数，但可变参数 1 拥有了类型“unsigned __int64” [D:\OpenScope\code\OpenScope.vcxproj]
D:\OpenScope\code\src\ui.c(228,43): warning C4473: “_snprintf”: 没有为格式字符串传递足够的参数 [D:\OpenScope\code\OpenScope.vcxproj]
      D:\OpenScope\code\src\ui.c(228,43):
      占位符和其参数预计 2 可变参数，但提供的却是 1 参数
      D:\OpenScope\code\src\ui.c(228,43):
      缺失的可变参数 2 为格式字符串“%llX”所需
  
D:\OpenScope\code\src\ui.c(286,19): error C2039: "cfg": 不是 "OS_App" 的成员 [D:\OpenScope\code\OpenScope.vcxproj]
      D:\OpenScope\code\src\app.h(59,16):
      参见“OS_App”的声明
  
D:\OpenScope\code\src\ui.c(288,45): error C2039: "cfg": 不是 "OS_App" 的成员 [D:\OpenScope\code\OpenScope.vcxproj]
      D:\OpenScope\code\src\app.h(59,16):
      参见“OS_App”的声明
  
D:\OpenScope\code\src\ui.c(288,32): warning C4473: “_snwprintf”: 没有为格式字符串传递足够的参数 [D:\OpenScope\code\OpenScope.vcxproj]
      D:\OpenScope\code\src\ui.c(288,32):
      占位符和其参数预计 1 可变参数，但提供的却是 0 参数
      D:\OpenScope\code\src\ui.c(288,32):
      缺失的可变参数 1 为格式字符串“%d”所需
  
D:\OpenScope\code\src\ui.c(291,19): error C2039: "cfg": 不是 "OS_App" 的成员 [D:\OpenScope\code\OpenScope.vcxproj]
      D:\OpenScope\code\src\app.h(59,16):
      参见“OS_App”的声明
  
D:\OpenScope\code\src\ui.c(293,32): error C2039: "cfg": 不是 "OS_App" 的成员 [D:\OpenScope\code\OpenScope.vcxproj]
      D:\OpenScope\code\src\app.h(59,16):
      参见“OS_App”的声明
  
D:\OpenScope\code\src\ui.c(293,44): warning C4133: “函数”: 从“wchar_t [160]”到“const char *”的类型不兼容 [D:\OpenScope\code\OpenScope.vcxproj]
D:\OpenScope\code\src\ui.c(293,48): warning C4047: “函数”:“wchar_t *”与“int”的间接级别不同 [D:\OpenScope\code\OpenScope.vcxproj]
D:\OpenScope\code\src\ui.c(293,48): warning C4024: “utf8_to_wide”: 形参和实参 2 的类型不同 [D:\OpenScope\code\OpenScope.vcxproj]
D:\OpenScope\code\src\ui.c(293,13): error C2198: “void utf8_to_wide(const char *,wchar_t *,int)”: 用于调用的参数太少 [D:\OpenScope\code\OpenScope.vcxproj]
D:\OpenScope\code\src\ui.c(296,19): error C2039: "cfg": 不是 "OS_App" 的成员 [D:\OpenScope\code\OpenScope.vcxproj]
      D:\OpenScope\code\src\app.h(59,16):
      参见“OS_App”的声明
  
D:\OpenScope\code\src\ui.c(298,32): error C2039: "cfg": 不是 "OS_App" 的成员 [D:\OpenScope\code\OpenScope.vcxproj]
      D:\OpenScope\code\src\app.h(59,16):
      参见“OS_App”的声明
  
D:\OpenScope\code\src\ui.c(298,44): warning C4133: “函数”: 从“wchar_t [96]”到“const char *”的类型不兼容 [D:\OpenScope\code\OpenScope.vcxproj]
D:\OpenScope\code\src\ui.c(298,48): warning C4047: “函数”:“wchar_t *”与“int”的间接级别不同 [D:\OpenScope\code\OpenScope.vcxproj]
D:\OpenScope\code\src\ui.c(298,48): warning C4024: “utf8_to_wide”: 形参和实参 2 的类型不同 [D:\OpenScope\code\OpenScope.vcxproj]
D:\OpenScope\code\src\ui.c(298,13): error C2198: “void utf8_to_wide(const char *,wchar_t *,int)”: 用于调用的参数太少 [D:\OpenScope\code\OpenScope.vcxproj]
D:\OpenScope\code\src\ui.c(301,19): error C2039: "cfg": 不是 "OS_App" 的成员 [D:\OpenScope\code\OpenScope.vcxproj]
      D:\OpenScope\code\src\app.h(59,16):
      参见“OS_App”的声明
  
D:\OpenScope\code\src\ui.c(301,33): error C2332: “struct”: 缺少标记名 [D:\OpenScope\code\OpenScope.vcxproj]
D:\OpenScope\code\src\ui.c(301,33): error C2059: 语法错误:“类型” [D:\OpenScope\code\OpenScope.vcxproj]
D:\OpenScope\code\src\ui.c(303,19): error C2039: "cfg": 不是 "OS_App" 的成员 [D:\OpenScope\code\OpenScope.vcxproj]
      D:\OpenScope\code\src\app.h(59,16):
      参见“OS_App”的声明
  
D:\OpenScope\code\src\ui.c(317,17): warning C4013: “os_driver_scan”未定义；假设外部返回 int [D:\OpenScope\code\OpenScope.vcxproj]
D:\OpenScope\code\src\ui.c(320,64): warning C4013: “utf8_w”未定义；假设外部返回 int [D:\OpenScope\code\OpenScope.vcxproj]
D:\OpenScope\code\src\ui.c(320,41): warning C4477: “_snwprintf”: 格式字符串“%s”需要类型“unsigned short *”的参数，但可变参数 2 拥有了类型“int” [D:\OpenScope\code\OpenScope.vcxproj]
D:\OpenScope\code\src\ui.c(320,41): warning C4313: "_snwprintf": 格式字符串中的 "%s" 与类型为 "int" 的参数 2 冲突 [D:\OpenScope\code\OpenScope.vcxproj]
D:\OpenScope\code\src\ui.c(333,27): error C2332: “struct”: 缺少标记名 [D:\OpenScope\code\OpenScope.vcxproj]
D:\OpenScope\code\src\ui.c(333,27): error C2059: 语法错误:“类型” [D:\OpenScope\code\OpenScope.vcxproj]
D:\OpenScope\code\src\ui.c(344,19): error C2039: "cfg": 不是 "OS_App" 的成员 [D:\OpenScope\code\OpenScope.vcxproj]
      D:\OpenScope\code\src\app.h(59,16):
      参见“OS_App”的声明
  
D:\OpenScope\code\src\ui.c(345,19): warning C4013: “os_driver_connect”未定义；假设外部返回 int [D:\OpenScope\code\OpenScope.vcxproj]
D:\OpenScope\code\src\ui.c(347,50): error C2039: "dinfo": 不是 "OS_App" 的成员 [D:\OpenScope\code\OpenScope.vcxproj]
      D:\OpenScope\code\src\app.h(59,16):
      参见“OS_App”的声明
  
D:\OpenScope\code\src\ui.c(347,72): error C2039: "dinfo": 不是 "OS_App" 的成员 [D:\OpenScope\code\OpenScope.vcxproj]
      D:\OpenScope\code\src\app.h(59,16):
      参见“OS_App”的声明
  
D:\OpenScope\code\src\ui.c(349,30): error C2039: "dinfo": 不是 "OS_App" 的成员 [D:\OpenScope\code\OpenScope.vcxproj]
      D:\OpenScope\code\src\app.h(59,16):
      参见“OS_App”的声明
  
D:\OpenScope\code\src\ui.c(349,48): error C2039: "dinfo": 不是 "OS_App" 的成员 [D:\OpenScope\code\OpenScope.vcxproj]
      D:\OpenScope\code\src\app.h(59,16):
      参见“OS_App”的声明
  
D:\OpenScope\code\src\ui.c(349,73): error C2039: "dinfo": 不是 "OS_App" 的成员 [D:\OpenScope\code\OpenScope.vcxproj]
      D:\OpenScope\code\src\app.h(59,16):
      参见“OS_App”的声明
  
D:\OpenScope\code\src\ui.c(393,20): error C2039: "last": 不是 "OS_Leaf" 的成员 [D:\OpenScope\code\OpenScope.vcxproj]
      D:\OpenScope\code\src\app.h(32,16):
      参见“OS_Leaf”的声明
  
D:\OpenScope\code\src\ui.c(394,47): error C2039: "last": 不是 "OS_Leaf" 的成员 [D:\OpenScope\code\OpenScope.vcxproj]
      D:\OpenScope\code\src\app.h(32,16):
      参见“OS_Leaf”的声明
  
D:\OpenScope\code\src\ui.c(394,37): warning C4473: “_snwprintf”: 没有为格式字符串传递足够的参数 [D:\OpenScope\code\OpenScope.vcxproj]
      D:\OpenScope\code\src\ui.c(394,37):
      占位符和其参数预计 1 可变参数，但提供的却是 0 参数
      D:\OpenScope\code\src\ui.c(394,37):
      缺失的可变参数 1 为格式字符串“%g”所需
  
D:\OpenScope\code\src\ui.c(405,17): warning C4013: “os_write_leaf”未定义；假设外部返回 int [D:\OpenScope\code\OpenScope.vcxproj]
D:\OpenScope\code\src\ui.c(447,70): error C2039: "path": 不是 "OS_Leaf" 的成员 [D:\OpenScope\code\OpenScope.vcxproj]
      D:\OpenScope\code\src\app.h(32,16):
      参见“OS_Leaf”的声明
  
D:\OpenScope\code\src\ui.c(447,61): warning C4473: “_snprintf”: 没有为格式字符串传递足够的参数 [D:\OpenScope\code\OpenScope.vcxproj]
      D:\OpenScope\code\src\ui.c(447,61):
      占位符和其参数预计 1 可变参数，但提供的却是 0 参数
      D:\OpenScope\code\src\ui.c(447,61):
      缺失的可变参数 1 为格式字符串“%s”所需
  
D:\OpenScope\code\src\ui.c(545,52): error C2039: "path": 不是 "OS_Leaf" 的成员 [D:\OpenScope\code\OpenScope.vcxproj]
      D:\OpenScope\code\src\app.h(32,16):
      参见“OS_Leaf”的声明
  
D:\OpenScope\code\src\ui.c(545,29): error C2168: “strcmp”: 内部函数的实参太少 [D:\OpenScope\code\OpenScope.vcxproj]
D:\OpenScope\code\src\ui.c(594,48): error C2039: "path": 不是 "OS_Leaf" 的成员 [D:\OpenScope\code\OpenScope.vcxproj]
      D:\OpenScope\code\src\app.h(32,16):
      参见“OS_Leaf”的声明
  
D:\OpenScope\code\src\ui.c(594,25): error C2168: “strcmp”: 内部函数的实参太少 [D:\OpenScope\code\OpenScope.vcxproj]
D:\OpenScope\code\src\ui.c(618,24): error C2039: "hBtn": 不是 "OS_App" 的成员 [D:\OpenScope\code\OpenScope.vcxproj]
      D:\OpenScope\code\src\app.h(59,16):
      参见“OS_App”的声明
  
D:\OpenScope\code\src\ui.c(618,33): warning C4047: “函数”:“HWND”与“bool”的间接级别不同 [D:\OpenScope\code\OpenScope.vcxproj]
D:\OpenScope\code\src\ui.c(618,33): warning C4024: “EnableWindow”: 形参和实参 1 的类型不同 [D:\OpenScope\code\OpenScope.vcxproj]
D:\OpenScope\code\src\ui.c(618,5): error C2198: “BOOL EnableWindow(HWND,BOOL)”: 用于调用的参数太少 [D:\OpenScope\code\OpenScope.vcxproj]
D:\OpenScope\code\src\ui.c(619,24): error C2039: "hBtn": 不是 "OS_App" 的成员 [D:\OpenScope\code\OpenScope.vcxproj]
      D:\OpenScope\code\src\app.h(59,16):
      参见“OS_App”的声明
  
D:\OpenScope\code\src\ui.c(619,33): warning C4047: “函数”:“HWND”与“int”的间接级别不同 [D:\OpenScope\code\OpenScope.vcxproj]
D:\OpenScope\code\src\ui.c(619,33): warning C4024: “EnableWindow”: 形参和实参 1 的类型不同 [D:\OpenScope\code\OpenScope.vcxproj]
D:\OpenScope\code\src\ui.c(619,5): error C2198: “BOOL EnableWindow(HWND,BOOL)”: 用于调用的参数太少 [D:\OpenScope\code\OpenScope.vcxproj]
D:\OpenScope\code\src\ui.c(620,24): error C2039: "hBtn": 不是 "OS_App" 的成员 [D:\OpenScope\code\OpenScope.vcxproj]
      D:\OpenScope\code\src\app.h(59,16):
      参见“OS_App”的声明
  
D:\OpenScope\code\src\ui.c(620,48): error C2039: "acq_running": 不是 "OS_App" 的成员 [D:\OpenScope\code\OpenScope.vcxproj]
      D:\OpenScope\code\src\app.h(59,16):
      参见“OS_App”的声明
  
D:\OpenScope\code\src\ui.c(620,5): error C2198: “BOOL EnableWindow(HWND,BOOL)”: 用于调用的参数太少 [D:\OpenScope\code\OpenScope.vcxproj]
D:\OpenScope\code\src\ui.c(621,24): error C2039: "hBtn": 不是 "OS_App" 的成员 [D:\OpenScope\code\OpenScope.vcxproj]
      D:\OpenScope\code\src\app.h(59,16):
      参见“OS_App”的声明
  
D:\OpenScope\code\src\ui.c(621,47): error C2039: "acq_running": 不是 "OS_App" 的成员 [D:\OpenScope\code\OpenScope.vcxproj]
      D:\OpenScope\code\src\app.h(59,16):
      参见“OS_App”的声明
  
D:\OpenScope\code\src\ui.c(621,5): error C2198: “BOOL EnableWindow(HWND,BOOL)”: 用于调用的参数太少 [D:\OpenScope\code\OpenScope.vcxproj]
D:\OpenScope\code\src\ui.c(622,24): error C2039: "hBtn": 不是 "OS_App" 的成员 [D:\OpenScope\code\OpenScope.vcxproj]
      D:\OpenScope\code\src\app.h(59,16):
      参见“OS_App”的声明
  
D:\OpenScope\code\src\ui.c(622,40): error C2039: "replay_running": 不是 "OS_App" 的成员 [D:\OpenScope\code\OpenScope.vcxproj]
      D:\OpenScope\code\src\app.h(59,16):
      参见“OS_App”的声明
  
D:\OpenScope\code\src\ui.c(622,5): error C2198: “BOOL EnableWindow(HWND,BOOL)”: 用于调用的参数太少 [D:\OpenScope\code\OpenScope.vcxproj]
D:\OpenScope\code\src\ui.c(623,27): error C2039: "nbtns": 不是 "OS_App" 的成员 [D:\OpenScope\code\OpenScope.vcxproj]
      D:\OpenScope\code\src\app.h(59,16):
      参见“OS_App”的声明
  
D:\OpenScope\code\src\ui.c(624,20): error C2039: "hBtn": 不是 "OS_App" 的成员 [D:\OpenScope\code\OpenScope.vcxproj]
      D:\OpenScope\code\src\app.h(59,16):
      参见“OS_App”的声明
  
D:\OpenScope\code\src\ui.c(657,5): warning C4013: “os_build_window_menu”未定义；假设外部返回 int [D:\OpenScope\code\OpenScope.vcxproj]
D:\OpenScope\code\src\ui.c(672,27): error C2039: "nbtns": 不是 "OS_App" 的成员 [D:\OpenScope\code\OpenScope.vcxproj]
      D:\OpenScope\code\src\app.h(59,16):
      参见“OS_App”的声明
  
D:\OpenScope\code\src\ui.c(674,26): error C2039: "hBtn": 不是 "OS_App" 的成员 [D:\OpenScope\code\OpenScope.vcxproj]
      D:\OpenScope\code\src\app.h(59,16):
      参见“OS_App”的声明
  
D:\OpenScope\code\src\ui.c(674,35): warning C4047: “函数”:“HWND”与“int”的间接级别不同 [D:\OpenScope\code\OpenScope.vcxproj]
D:\OpenScope\code\src\ui.c(674,35): warning C4024: “MoveWindow”: 形参和实参 1 的类型不同 [D:\OpenScope\code\OpenScope.vcxproj]
D:\OpenScope\code\src\ui.c(674,9): error C2198: “BOOL MoveWindow(HWND,int,int,int,int,BOOL)”: 用于调用的参数太少 [D:\OpenScope\code\OpenScope.vcxproj]
D:\OpenScope\code\src\ui.c(690,52): error C2232: “->window_types”: 左操作数有“struct”类型，使用“.” [D:\OpenScope\code\OpenScope.vcxproj]
D:\OpenScope\code\src\ui.c(692,13): warning C4013: “os_create_window_for_type”未定义；假设外部返回 int [D:\OpenScope\code\OpenScope.vcxproj]
D:\OpenScope\code\src\ui.c(709,15): error C2039: "nbtns": 不是 "OS_App" 的成员 [D:\OpenScope\code\OpenScope.vcxproj]
      D:\OpenScope\code\src\app.h(59,16):
      参见“OS_App”的声明
  
D:\OpenScope\code\src\ui.c(710,31): error C2039: "nbtns": 不是 "OS_App" 的成员 [D:\OpenScope\code\OpenScope.vcxproj]
      D:\OpenScope\code\src\app.h(59,16):
      参见“OS_App”的声明
  
D:\OpenScope\code\src\ui.c(713,19): error C2039: "hBtn": 不是 "OS_App" 的成员 [D:\OpenScope\code\OpenScope.vcxproj]
      D:\OpenScope\code\src\app.h(59,16):
      参见“OS_App”的声明
  
D:\OpenScope\code\src\ui.c(725,15): error C2039: "hFont": 不是 "OS_App" 的成员 [D:\OpenScope\code\OpenScope.vcxproj]
      D:\OpenScope\code\src\app.h(59,16):
      参见“OS_App”的声明
  
D:\OpenScope\code\src\ui.c(726,61): error C2039: "hFont": 不是 "OS_App" 的成员 [D:\OpenScope\code\OpenScope.vcxproj]
      D:\OpenScope\code\src\app.h(59,16):
      参见“OS_App”的声明
  
D:\OpenScope\code\src\ui.c(726,9): error C2198: “LRESULT SendMessageW(HWND,UINT,WPARAM,LPARAM)”: 用于调用的参数太少 [D:\OpenScope\code\OpenScope.vcxproj]
D:\OpenScope\code\src\ui.c(727,60): error C2039: "hFont": 不是 "OS_App" 的成员 [D:\OpenScope\code\OpenScope.vcxproj]
      D:\OpenScope\code\src\app.h(59,16):
      参见“OS_App”的声明
  
D:\OpenScope\code\src\ui.c(727,9): error C2198: “LRESULT SendMessageW(HWND,UINT,WPARAM,LPARAM)”: 用于调用的参数太少 [D:\OpenScope\code\OpenScope.vcxproj]
D:\OpenScope\code\src\ui.c(731,9): warning C4013: “os_start_monitor”未定义；假设外部返回 int [D:\OpenScope\code\OpenScope.vcxproj]
D:\OpenScope\code\src\ui.c(749,17): warning C4013: “os_load_elf”未定义；假设外部返回 int [D:\OpenScope\code\OpenScope.vcxproj]
D:\OpenScope\code\src\ui.c(756,23): error C2039: "acq_running": 不是 "OS_App" 的成员 [D:\OpenScope\code\OpenScope.vcxproj]
      D:\OpenScope\code\src\app.h(59,16):
      参见“OS_App”的声明
  
D:\OpenScope\code\src\ui.c(756,36): warning C4013: “os_stop_acq”未定义；假设外部返回 int [D:\OpenScope\code\OpenScope.vcxproj]
D:\OpenScope\code\src\ui.c(759,21): warning C4013: “os_start_replay”未定义；假设外部返回 int [D:\OpenScope\code\OpenScope.vcxproj]
D:\OpenScope\code\src\ui.c(793,23): error C2039: "acq_running": 不是 "OS_App" 的成员 [D:\OpenScope\code\OpenScope.vcxproj]
      D:\OpenScope\code\src\app.h(59,16):
      参见“OS_App”的声明
  
D:\OpenScope\code\src\ui.c(794,13): warning C4013: “os_driver_disconnect”未定义；假设外部返回 int [D:\OpenScope\code\OpenScope.vcxproj]
D:\OpenScope\code\src\ui.c(801,13): warning C4013: “os_start_acq”未定义；假设外部返回 int [D:\OpenScope\code\OpenScope.vcxproj]
D:\OpenScope\code\src\ui.c(813,13): warning C4013: “os_driver_halt”未定义；假设外部返回 int [D:\OpenScope\code\OpenScope.vcxproj]
D:\OpenScope\code\src\ui.c(816,13): warning C4013: “os_driver_go”未定义；假设外部返回 int [D:\OpenScope\code\OpenScope.vcxproj]
D:\OpenScope\code\src\ui.c(825,13): warning C4013: “ui_show_about”未定义；假设外部返回 int [D:\OpenScope\code\OpenScope.vcxproj]
D:\OpenScope\code\src\ui.c(830,23): error C2039: "sample_hz": 不是 "OS_App" 的成员 [D:\OpenScope\code\OpenScope.vcxproj]
      D:\OpenScope\code\src\app.h(59,16):
      参见“OS_App”的声明
  
D:\OpenScope\code\src\ui.c(833,56): error C2039: "sample_hz": 不是 "OS_App" 的成员 [D:\OpenScope\code\OpenScope.vcxproj]
      D:\OpenScope\code\src\app.h(59,16):
      参见“OS_App”的声明
  
D:\OpenScope\code\src\ui.c(839,10): error C2065: “WM_APP_ELF_CHANGED”: 未声明的标识符 [D:\OpenScope\code\OpenScope.vcxproj]
D:\OpenScope\code\src\ui.c(840,36): error C2039: "elf_reload_pending": 不是 "OS_App" 的成员 [D:\OpenScope\code\OpenScope.vcxproj]
      D:\OpenScope\code\src\app.h(59,16):
      参见“OS_App”的声明
  
D:\OpenScope\code\src\ui.c(840,9): error C2168: “_InterlockedExchange”: 内部函数的实参太少 [D:\OpenScope\code\OpenScope.vcxproj]
D:\OpenScope\code\src\ui.c(841,9): warning C4013: “os_prompt_elf_changed”未定义；假设外部返回 int [D:\OpenScope\code\OpenScope.vcxproj]
D:\OpenScope\code\src\ui.c(843,10): error C2065: “WM_APP_LOG_MSG”: 未声明的标识符 [D:\OpenScope\code\OpenScope.vcxproj]
D:\OpenScope\code\src\ui.c(851,10): error C2065: “WM_APP_STATUS_MSG”: 未声明的标识符 [D:\OpenScope\code\OpenScope.vcxproj]
D:\OpenScope\code\src\ui.c(861,10): error C2065: “WM_APP_ACQ_END”: 未声明的标识符 [D:\OpenScope\code\OpenScope.vcxproj]
D:\OpenScope\code\src\ui.c(865,10): error C2065: “WM_APP_REPLAY_END”: 未声明的标识符 [D:\OpenScope\code\OpenScope.vcxproj]
D:\OpenScope\code\src\ui.c(871,9): warning C4013: “os_stop_replay”未定义；假设外部返回 int [D:\OpenScope\code\OpenScope.vcxproj]
D:\OpenScope\code\src\ui.c(872,9): warning C4013: “os_stop_monitor”未定义；假设外部返回 int [D:\OpenScope\code\OpenScope.vcxproj]
D:\OpenScope\code\src\ui.c(839,10): error C2051: case 表达式不是常量 [D:\OpenScope\code\OpenScope.vcxproj]
D:\OpenScope\code\src\ui.c(843,10): error C2051: case 表达式不是常量 [D:\OpenScope\code\OpenScope.vcxproj]
D:\OpenScope\code\src\ui.c(851,10): error C2051: case 表达式不是常量 [D:\OpenScope\code\OpenScope.vcxproj]
D:\OpenScope\code\src\ui.c(861,10): error C2051: case 表达式不是常量 [D:\OpenScope\code\OpenScope.vcxproj]
D:\OpenScope\code\src\ui.c(865,10): error C2051: case 表达式不是常量 [D:\OpenScope\code\OpenScope.vcxproj]
D:\OpenScope\code\src\ui.c(883,6): error C2371: “ui_show_about”: 重定义；不同的基类型 [D:\OpenScope\code\OpenScope.vcxproj]
D:\OpenScope\code\src\ui.c(902,12): warning C4013: “fw_leaf_find”未定义；假设外部返回 int [D:\OpenScope\code\OpenScope.vcxproj]
D:\OpenScope\code\src\util.c(172,13): error C2065: “is_ptr”: 未声明的标识符 [D:\OpenScope\code\OpenScope.vcxproj]
D:\OpenScope\code\src\module_api.h(69,10): error C2236: 意外的标记“struct”。是否忘记了“;”? [D:\OpenScope\code\OpenScope.vcxproj]
  (编译源文件“src/vartree.c”)
  
D:\OpenScope\code\src\module_api.h(69,19): error C2332: “struct”: 缺少标记名 [D:\OpenScope\code\OpenScope.vcxproj]
  (编译源文件“src/vartree.c”)
  
D:\OpenScope\code\src\module_api.h(69,19): error C2027: 使用了未定义类型“<unnamed-tag>” [D:\OpenScope\code\OpenScope.vcxproj]
  (编译源文件“src/vartree.c”)
      D:\OpenScope\code\src\module_api.h(69,19):
      参见“<unnamed-tag>”的声明
  
D:\OpenScope\code\src\vartree.c(219,44): error C2146: 语法错误: 缺少“)”(在标识符“h”的前面) [D:\OpenScope\code\OpenScope.vcxproj]
D:\OpenScope\code\src\vartree.c(219,34): error C2081: “HTREEITEM”: 形参表中的名称非法 [D:\OpenScope\code\OpenScope.vcxproj]
D:\OpenScope\code\src\vartree.c(219,44): error C2061: 语法错误: 标识符“h” [D:\OpenScope\code\OpenScope.vcxproj]
D:\OpenScope\code\src\vartree.c(219,44): error C2059: 语法错误:“;” [D:\OpenScope\code\OpenScope.vcxproj]
D:\OpenScope\code\src\vartree.c(219,45): error C2059: 语法错误:“,” [D:\OpenScope\code\OpenScope.vcxproj]
D:\OpenScope\code\src\vartree.c(219,58): error C2059: 语法错误:“)” [D:\OpenScope\code\OpenScope.vcxproj]
D:\OpenScope\code\src\vartree.c(230,18): error C2061: 语法错误: 标识符“add_node” [D:\OpenScope\code\OpenScope.vcxproj]
D:\OpenScope\code\src\vartree.c(230,18): error C2059: 语法错误:“;” [D:\OpenScope\code\OpenScope.vcxproj]
D:\OpenScope\code\src\vartree.c(230,27): error C2059: 语法错误:“<parameter-list>” [D:\OpenScope\code\OpenScope.vcxproj]
D:\OpenScope\code\src\vartree.c(243,48): error C2146: 语法错误: 缺少“)”(在标识符“parent”的前面) [D:\OpenScope\code\OpenScope.vcxproj]
D:\OpenScope\code\src\vartree.c(243,38): error C2081: “HTREEITEM”: 形参表中的名称非法 [D:\OpenScope\code\OpenScope.vcxproj]
D:\OpenScope\code\src\vartree.c(243,48): error C2061: 语法错误: 标识符“parent” [D:\OpenScope\code\OpenScope.vcxproj]
D:\OpenScope\code\src\vartree.c(243,48): error C2059: 语法错误:“;” [D:\OpenScope\code\OpenScope.vcxproj]
D:\OpenScope\code\src\vartree.c(243,54): error C2059: 语法错误:“,” [D:\OpenScope\code\OpenScope.vcxproj]
D:\OpenScope\code\src\vartree.c(243,72): error C2059: 语法错误:“)” [D:\OpenScope\code\OpenScope.vcxproj]
D:\OpenScope\code\src\vartree.c(251,48): error C2146: 语法错误: 缺少“)”(在标识符“parent”的前面) [D:\OpenScope\code\OpenScope.vcxproj]
D:\OpenScope\code\src\vartree.c(251,38): error C2081: “HTREEITEM”: 形参表中的名称非法 [D:\OpenScope\code\OpenScope.vcxproj]
D:\OpenScope\code\src\vartree.c(251,48): error C2061: 语法错误: 标识符“parent” [D:\OpenScope\code\OpenScope.vcxproj]
D:\OpenScope\code\src\vartree.c(251,48): error C2059: 语法错误:“;” [D:\OpenScope\code\OpenScope.vcxproj]
D:\OpenScope\code\src\vartree.c(251,54): error C2059: 语法错误:“,” [D:\OpenScope\code\OpenScope.vcxproj]
D:\OpenScope\code\src\vartree.c(252,40): error C2059: 语法错误:“)” [D:\OpenScope\code\OpenScope.vcxproj]
D:\OpenScope\code\src\vartree.c(319,5): error C2065: “HTREEITEM”: 未声明的标识符 [D:\OpenScope\code\OpenScope.vcxproj]
D:\OpenScope\code\src\vartree.c(319,15): error C2146: 语法错误: 缺少“;”(在标识符“h”的前面) [D:\OpenScope\code\OpenScope.vcxproj]
D:\OpenScope\code\src\vartree.c(319,15): error C2065: “h”: 未声明的标识符 [D:\OpenScope\code\OpenScope.vcxproj]
D:\OpenScope\code\src\vartree.c(320,5): warning C4013: “TreeView_DeleteAllItems”未定义；假设外部返回 int [D:\OpenScope\code\OpenScope.vcxproj]
D:\OpenScope\code\src\vartree.c(329,13): error C2065: “h”: 未声明的标识符 [D:\OpenScope\code\OpenScope.vcxproj]
D:\OpenScope\code\src\vartree.c(329,17): warning C4013: “add_node”未定义；假设外部返回 int [D:\OpenScope\code\OpenScope.vcxproj]
D:\OpenScope\code\src\vartree.c(330,13): warning C4013: “tree_add_type”未定义；假设外部返回 int [D:\OpenScope\code\OpenScope.vcxproj]
D:\OpenScope\code\src\vartree.c(330,34): error C2065: “h”: 未声明的标识符 [D:\OpenScope\code\OpenScope.vcxproj]
D:\OpenScope\code\src\vartree.c(341,11): error C2065: “set_check”: 未声明的标识符 [D:\OpenScope\code\OpenScope.vcxproj]
C:\Program Files\Microsoft Visual Studio\18\Community\MSBuild\Microsoft\VC\v180\Microsoft.CppCommon.targets(790,5): error MSB4018: “CL”任务意外失败。 [D:\OpenScope\code\OpenScope.vcxproj]
C:\Program Files\Microsoft Visual Studio\18\Community\MSBuild\Microsoft\VC\v180\Microsoft.CppCommon.targets(790,5): error MSB4018: System.TypeInitializationException: “Microsoft.Build.Utilities.FileTracker”的类型初始值设定项引发异常。 ---> System.UnauthorizedAccessException: 拒绝访问。 (异常来自 HRESULT:0x80070005 (E_ACCESSDENIED)) [D:\OpenScope\code\OpenScope.vcxproj]
C:\Program Files\Microsoft Visual Studio\18\Community\MSBuild\Microsoft\VC\v180\Microsoft.CppCommon.targets(790,5): error MSB4018:    在 System.Runtime.InteropServices.Marshal.ThrowExceptionForHRInternal(Int32 errorCode, IntPtr errorInfo) [D:\OpenScope\code\OpenScope.vcxproj]
C:\Program Files\Microsoft Visual Studio\18\Community\MSBuild\Microsoft\VC\v180\Microsoft.CppCommon.targets(790,5): error MSB4018:    在 Microsoft.Build.Framework.NativeMethods.GetLongFilePath(String path) [D:\OpenScope\code\OpenScope.vcxproj]
C:\Program Files\Microsoft Visual Studio\18\Community\MSBuild\Microsoft\VC\v180\Microsoft.CppCommon.targets(790,5): error MSB4018:    在 Microsoft.Build.Utilities.FileTracker..cctor() [D:\OpenScope\code\OpenScope.vcxproj]
C:\Program Files\Microsoft Visual Studio\18\Community\MSBuild\Microsoft\VC\v180\Microsoft.CppCommon.targets(790,5): error MSB4018:    --- 内部异常堆栈跟踪的结尾 --- [D:\OpenScope\code\OpenScope.vcxproj]
C:\Program Files\Microsoft Visual Studio\18\Community\MSBuild\Microsoft\VC\v180\Microsoft.CppCommon.targets(790,5): error MSB4018:    在 Microsoft.Build.Utilities.FileTracker.FileIsExcludedFromDependencies(String fileName) [D:\OpenScope\code\OpenScope.vcxproj]
C:\Program Files\Microsoft Visual Studio\18\Community\MSBuild\Microsoft\VC\v180\Microsoft.CppCommon.targets(790,5): error MSB4018:    在 Microsoft.Build.Utilities.CanonicalTrackedInputFiles.ConstructDependencyTable() [D:\OpenScope\code\OpenScope.vcxproj]
C:\Program Files\Microsoft Visual Studio\18\Community\MSBuild\Microsoft\VC\v180\Microsoft.CppCommon.targets(790,5): error MSB4018:    在 Microsoft.Build.Utilities.CanonicalTrackedInputFiles.InternalConstruct(ITask ownerTask, ITaskItem[] tlogFiles, ITaskItem[] sourceFiles, ITaskItem[] outputFiles, ITaskItem[] excludedInputPaths, CanonicalTrackedOutputFiles outputs, Boolean useMinimalRebuildOptimization, Boolean maintainCompositeRootingMarkers) [D:\OpenScope\code\OpenScope.vcxproj]
C:\Program Files\Microsoft Visual Studio\18\Community\MSBuild\Microsoft\VC\v180\Microsoft.CppCommon.targets(790,5): error MSB4018:    在 Microsoft.Build.Utilities.CanonicalTrackedInputFiles..ctor(ITaskItem[] tlogFiles, ITaskItem[] sourceFiles, ITaskItem[] excludedInputPaths, CanonicalTrackedOutputFiles outputs, Boolean useMinimalRebuildOptimization, Boolean maintainCompositeRootingMarkers) [D:\OpenScope\code\OpenScope.vcxproj]
C:\Program Files\Microsoft Visual Studio\18\Community\MSBuild\Microsoft\VC\v180\Microsoft.CppCommon.targets(790,5): error MSB4018:    在 Microsoft.Build.CPPTasks.CL.PostExecuteTool(Int32 exitCode) [D:\OpenScope\code\OpenScope.vcxproj]
C:\Program Files\Microsoft Visual Studio\18\Community\MSBuild\Microsoft\VC\v180\Microsoft.CppCommon.targets(790,5): error MSB4018:    在 Microsoft.Build.CPPTasks.TrackedVCToolTask.ExecuteTool(String pathToTool, String responseFileCommands, String commandLineCommands) [D:\OpenScope\code\OpenScope.vcxproj]
C:\Program Files\Microsoft Visual Studio\18\Community\MSBuild\Microsoft\VC\v180\Microsoft.CppCommon.targets(790,5): error MSB4018:    在 Microsoft.Build.CPPTasks.CL.ExecuteTool(String pathToTool, String responseFileCommands, String commandLineCommands) [D:\OpenScope\code\OpenScope.vcxproj]
C:\Program Files\Microsoft Visual Studio\18\Community\MSBuild\Microsoft\VC\v180\Microsoft.CppCommon.targets(790,5): error MSB4018:    在 Microsoft.Build.Utilities.ToolTask.Execute() [D:\OpenScope\code\OpenScope.vcxproj]
C:\Program Files\Microsoft Visual Studio\18\Community\MSBuild\Microsoft\VC\v180\Microsoft.CppCommon.targets(790,5): error MSB4018:    在 Microsoft.Build.CPPTasks.VCToolTask.Execute() [D:\OpenScope\code\OpenScope.vcxproj]
C:\Program Files\Microsoft Visual Studio\18\Community\MSBuild\Microsoft\VC\v180\Microsoft.CppCommon.targets(790,5): error MSB4018:    在 Microsoft.Build.CPPTasks.TrackedVCToolTask.Execute() [D:\OpenScope\code\OpenScope.vcxproj]
C:\Program Files\Microsoft Visual Studio\18\Community\MSBuild\Microsoft\VC\v180\Microsoft.CppCommon.targets(790,5): error MSB4018:    在 Microsoft.Build.BackEnd.TaskExecutionHost.Execute() [D:\OpenScope\code\OpenScope.vcxproj]
C:\Program Files\Microsoft Visual Studio\18\Community\MSBuild\Microsoft\VC\v180\Microsoft.CppCommon.targets(790,5): error MSB4018:    在 Microsoft.Build.BackEnd.TaskBuilder.<ExecuteInstantiatedTask>d__26.MoveNext() [D:\OpenScope\code\OpenScope.vcxproj]
[ERROR] Build failed
